// Vitest Snapshot v1

exports[`Render page Second 1`] = `
<main
  className="mx-auto py-12 px-4 lg:max-w-6xl lg:px-10"
>
  <div>
    <h1
      className="text-4xl font-extrabold leading-10 tracking-tight sm:text-6xl sm:leading-none lg:text-5xl"
    >
      common.second
    </h1>
  </div>
</main>
`;
